[
  [".5 * 1/7", "0\\.07142(8|9)"],
  ["1/2 / 1/2", "=\\s*(<strong>)?1(</strong>)?"],
  ["sqrt 5 * sqrt 7", "5\\.9160(?:7\\d?|8)"]
]
