[
  ["quesadilla wisdom", "Quesadilla Flow"],
  ["mango snowcone mode", "Mango Snowcone Mode"],
  ["nacho night energy", "Nacho Night Energy"],
  ["quesadilla 4", "Quesadilla x4[\\s\\S]*280\\s*g\\s*cheese"]
]
